../Core/User/bsp.c:28:6:Delay_us	16	static,ignoring_inline_asm
../Core/User/bsp.c:106:6:Delay_ms	24	static
../Core/User/bsp.c:118:6:FndDisplay	32	static
../Core/User/bsp.c:330:6:FndDisplayString	16	static
../Core/User/bsp.c:359:6:FndDispalyParameter	16	static
../Core/User/bsp.c:449:6:FndIncrementBar	16	static
../Core/User/bsp.c:464:6:FndShadowOutput	16	static
../Core/User/bsp.c:478:6:FndOutput	16	static
../Core/User/bsp.c:487:6:FndAllOff	8	static
../Core/User/bsp.c:498:6:FndAllOn	8	static
../Core/User/bsp.c:509:6:FndDisplayShadow	8	static
../Core/User/bsp.c:521:6:FndFlicker	16	static
../Core/User/bsp.c:540:6:PannelLEdFlicker	16	static
../Core/User/bsp.c:607:6:PannelLEdAll	16	static
../Core/User/bsp.c:624:6:PannelLed	16	static
../Core/User/bsp.c:639:9:GetButtonStatus	16	static
../Core/User/bsp.c:646:15:GetInput	16	static
../Core/User/bsp.c:652:6:SetOutput	16	static
../Core/User/bsp.c:675:7:PIDcal	40	static
../Core/User/bsp.c:711:6:CheckWireAlram	16	static
